Microchip MPLAB XC8 Compiler V2.40

Linker command line:

-W-3 \
  --edf=C:\Program Files\Microchip\xc8\v2.40\pic\dat\20220703182018_en.msgs \
  -cn -h+dist/default/production\i2c_slave.X.production.sym \
  --cmf=dist/default/production\i2c_slave.X.production.cmf -z -Q16F887 \
  -oC:\Users\guza_\AppData\Local\Temp\xcAskj4.4 --defsym=__MPLAB_BUILD=1 \
  --fixupoverflow=error \
  -Mdist/default/production/i2c_slave.X.production.map \
  --md=C:\Users\guza_\AppData\Local\Temp\xcAskj4.dat -E1 -ver=XC8 Compiler \
  --acfsm=1493 -ACODE=00h-07FFhx4 -ASTRCODE=00h-01FFFh -ASTRING=00h-0FFhx32 \
  -ACONST=00h-0FFhx32 -AENTRY=00h-0FFhx32 -ACOMMON=070h-07Fh \
  -ABANK0=020h-06Fh -ABANK1=0A0h-0EFh -ABANK2=0110h-016Fh \
  -ABANK3=0190h-01EFh -ARAM=020h-06Fh,0A0h-0EFh,0110h-016Fh,0190h-01EFh \
  -AABS1=020h-07Fh,0A0h-0EFh,0110h-016Fh,0190h-01EFh -ASFR0=00h-01Fh \
  -ASFR1=080h-09Fh -ASFR2=0100h-010Fh -ASFR3=0180h-018Fh \
  -ACONFIG=02007h-02008h -DCONFIG=2 -AIDLOC=02000h-02003h -DIDLOC=2 \
  -AEEDATA=00h-0FFh/02100h -peeprom_data=EEDATA -DEEDATA=2 -DCODE=2 \
  -DSTRCODE=2 -DSTRING=2 -DCONST=2 -DENTRY=2 \
  -preset_vec=00h,intentry=04h,init,end_init -ppowerup=CODE -pcinit=CODE \
  -pfunctab=ENTRY -k C:\Users\guza_\AppData\Local\Temp\xcAskj4.o \
  dist/default/production\i2c_slave.X.production.o 

Object code version is 3.11

Machine type is 16F887



                Name                               Link     Load   Length Selector   Space Scale
C:\Users\guza_\AppData\Local\Temp\xcAskj4.o
                end_init                              C        C        3        8       0
                reset_vec                             0        0        3        0       0
                config                             2007     2007        2        0       4
                idloc                              2000     2000        4        0       5
dist/default/production\i2c_slave.X.production.o
                cinit                                 F        F        7        8       0
                intentry                              4        4        8        8       0
                config                             2007     2007        2        0       4
                idloc                              2000     2000        4        0       5
                text9                                DB       DB        D        8       0
                text8                                79       79       18        8       0
                text7                                F3       F3        9        8       0
                text6                                91       91       16        8       0
                text5                                16       16       43        8       0
                text4                                A7       A7       14        8       0
                text3                                BB       BB       11        8       0
                text2                                E8       E8        B        8       0
                text1                                CC       CC        F        8       0
                maintext                             59       59       20        8       0
                cstackBANK0                          20       20        1       20       1
                cstackCOMMON                         70       70        7       70       1
                bssCOMMON                            77       77        3       70       1
                nvCOMMON                             7A       7A        1       70       1

TOTAL           Name                               Link     Load   Length     Space
        CLASS   CODE           
                end_init                              C        C        3         0
                cinit                                 F        F        7         0
                intentry                              4        4        8         0
                reset_vec                             0        0        3         0
                text9                                DB       DB        D         0
                text8                                79       79       18         0
                text7                                F3       F3        9         0
                text6                                91       91       16         0
                text5                                16       16       43         0
                text4                                A7       A7       14         0
                text3                                BB       BB       11         0
                text2                                E8       E8        B         0
                text1                                CC       CC        F         0
                maintext                             59       59       20         0

        CLASS   STRCODE        

        CLASS   STRING         

        CLASS   CONST          

        CLASS   ENTRY          

        CLASS   COMMON         
                cstackCOMMON                         70       70        7         1
                bssCOMMON                            77       77        3         1
                nvCOMMON                             7A       7A        1         1

        CLASS   BANK0          
                cstackBANK0                          20       20        1         1

        CLASS   BANK1          

        CLASS   BANK2          

        CLASS   BANK3          

        CLASS   RAM            

        CLASS   ABS1           
                abs_s1                               7E       7E        2         1

        CLASS   SFR0           

        CLASS   SFR1           

        CLASS   SFR2           

        CLASS   SFR3           

        CLASS   CONFIG         
                config                             2007     2007        2         4

        CLASS   IDLOC          
                idloc                              2000     2000        4         5

        CLASS   EEDATA         

        CLASS   STACK          



SEGMENTS        Name                           Load    Length   Top    Selector   Space  Class     Delta

                reset_vec                      000000  000003  000003         0       0  CODE        2
                intentry                       000004  0000F8  0000FC         8       0  CODE        2
                cstackBANK0                    000020  000001  000021        20       1  BANK0       1
                cstackCOMMON                   000070  00000B  00007B        70       1  COMMON      1


UNUSED ADDRESS RANGES

        Name                Unused          Largest block    Delta
        BANK0            0021-006F             4F           1
        BANK1            00A0-00EF             50           1
        BANK2            0110-016F             60           1
        BANK3            0190-01EF             60           1
        CODE             0003-0003              1           2
                         00FC-1FFF            800
        COMMON           007B-007D              3           1
        CONST            0003-0003              1           2
                         00FC-1FFF            100
        EEDATA           2100-21FF            100           2
        ENTRY            0003-0003              1           2
                         00FC-1FFF            100
        RAM              0021-006F             4F           1
                         00A0-00EF             50
                         0110-016F             60
                         0190-01EF             60
        SFR0             0000-001F             20           1
        SFR1             0080-009F             20           1
        SFR2             0100-010F             10           1
        SFR3             0180-018F             10           1
        STRCODE          0003-0003              1           2
                         00FC-1FFF           1F04
        STRING           0003-0003              1           2
                         00FC-1FFF            100

                                  Symbol Table

?_i2c_errorRead          cstackCOMMON 0070
I2CSlave_Read@dato       cstackCOMMON 0070
I2CSlave_Write@dato0     cstackCOMMON 0070
I2CSlave_init@address    cstackBANK0  0020
_ANSEL                   (abs)        0188
_BF                      (abs)        04A0
_I2CSlave_Read           text9        00DB
_I2CSlave_Write          text8        0079
_I2CSlave_init           text4        00A7
_INTCON                  (abs)        000B
_INT_I2C                 text5        0016
_PIE1bits                (abs)        008C
_PIE2bits                (abs)        008D
_PIR1bits                (abs)        000C
_PIR2bits                (abs)        000D
_PORTA                   (abs)        0005
_PORTD                   (abs)        0008
_SSPADD                  (abs)        0093
_SSPBUF                  (abs)        0013
_SSPCON                  (abs)        0014
_SSPCONbits              (abs)        0014
_SSPSTAT                 (abs)        0094
_SSPSTATbits             (abs)        0094
_TRISA                   (abs)        0085
_TRISCbits               (abs)        0087
_TRISD                   (abs)        0088
__Habs1                  abs1         0000
__Hbank0                 bank0        0000
__Hbank1                 bank1        0000
__Hbank2                 bank2        0000
__Hbank3                 bank3        0000
__HbssCOMMON             bssCOMMON    0000
__Hcinit                 cinit        0016
__Hclrtext               clrtext      0000
__Hcode                  code         0000
__Hcommon                common       0000
__Hconfig                config       2009
__HcstackBANK0           cstackBANK0  0000
__HcstackCOMMON          cstackCOMMON 0000
__Heeprom_data           eeprom_data  0000
__Hend_init              end_init     000F
__Hfunctab               functab      0000
__Hidloc                 idloc        2004
__Hinit                  init         000C
__Hintentry              intentry     000C
__Hmaintext              maintext     0000
__HnvCOMMON              nvCOMMON     0000
__Hpowerup               powerup      0000
__Hram                   ram          0000
__Hreset_vec             reset_vec    0003
__Hsfr0                  sfr0         0000
__Hsfr1                  sfr1         0000
__Hsfr2                  sfr2         0000
__Hsfr3                  sfr3         0000
__Hspace_0               (abs)        00FC
__Hspace_1               (abs)        007B
__Hspace_2               (abs)        0000
__Hspace_3               (abs)        0000
__Hspace_4               (abs)        4010
__Hstack                 stack        0000
__Hstrings               strings      0000
__Htext                  text         0000
__Labs1                  abs1         0000
__Lbank0                 bank0        0000
__Lbank1                 bank1        0000
__Lbank2                 bank2        0000
__Lbank3                 bank3        0000
__LbssCOMMON             bssCOMMON    0000
__Lcinit                 cinit        000F
__Lclrtext               clrtext      0000
__Lcode                  code         0000
__Lcommon                common       0000
__Lconfig                config       0000
__LcstackBANK0           cstackBANK0  0000
__LcstackCOMMON          cstackCOMMON 0000
__Leeprom_data           eeprom_data  0000
__Lend_init              end_init     000C
__Lfunctab               functab      0000
__Lidloc                 idloc        0000
__Linit                  init         000C
__Lintentry              intentry     0004
__Lmaintext              maintext     0000
__LnvCOMMON              nvCOMMON     0000
__Lpowerup               powerup      0000
__Lram                   ram          0000
__Lreset_vec             reset_vec    0000
__Lsfr0                  sfr0         0000
__Lsfr1                  sfr1         0000
__Lsfr2                  sfr2         0000
__Lsfr3                  sfr3         0000
__Lspace_0               (abs)        0000
__Lspace_1               (abs)        0000
__Lspace_2               (abs)        0000
__Lspace_3               (abs)        0000
__Lspace_4               (abs)        0000
__Lstack                 stack        0000
__Lstrings               strings      0000
__Ltext                  text         0000
__S0                     (abs)        00FC
__S1                     (abs)        007B
__S3                     (abs)        0000
___int_sp                stack        0000
___latbits               (abs)        0002
___sp                    stack        0000
___stackhi               (abs)        0000
___stacklo               (abs)        0000
__end_of_I2CSlave_Read   text9        00E8
__end_of_I2CSlave_Write  text8        0091
__end_of_I2CSlave_init   text4        00BB
__end_of_INT_I2C         text5        0059
__end_of__initialization cinit        0012
__end_of_entradas        text3        00CC
__end_of_i2c_IntSetUpS   text2        00F3
__end_of_i2c_errorData   text7        00FC
__end_of_i2c_errorRead   text6        00A7
__end_of_main            maintext     0079
__end_of_salidas         text1        00DB
__initialization         cinit        000F
__pbssCOMMON             bssCOMMON    0077
__pcstackBANK0           cstackBANK0  0020
__pcstackCOMMON          cstackCOMMON 0070
__pintentry              intentry     0004
__pmaintext              maintext     0059
__pnvCOMMON              nvCOMMON     007A
__ptext1                 text1        00CC
__ptext2                 text2        00E8
__ptext3                 text3        00BB
__ptext4                 text4        00A7
__ptext5                 text5        0016
__ptext6                 text6        0091
__ptext7                 text7        00F3
__ptext8                 text8        0079
__ptext9                 text9        00DB
_dato_rx                 nvCOMMON     007A
_entradas                text3        00BB
_i2c_IntSetUpS           text2        00E8
_i2c_errorData           text7        00F3
_i2c_errorRead           text6        0091
_i2c_errorRead$288       cstackCOMMON 0074
_main                    maintext     0059
_salidas                 text1        00CC
_temp1                   bssCOMMON    0079
btemp                    (abs)        007E
end_of_initialization    cinit        0012
interrupt_function       intentry     0004
intlevel0                functab      0000
intlevel1                functab      0000
intlevel2                functab      0000
intlevel3                functab      0000
intlevel4                functab      0000
intlevel5                functab      0000
reset_vec                reset_vec    0000
saved_w                  (abs)        007E
start                    init         000C
start_initialization     cinit        000F
wtemp0                   (abs)        007E


MODULE INFORMATION

Module		Function		Class		Link	Load	Size
./config.h
		_i2c_IntSetUpS 		CODE           	00E8	0000	11
		_entradas      		CODE           	00BB	0000	17
		_salidas       		CODE           	00CC	0000	15
		_i2c_errorRead 		CODE           	0091	0000	22
		_i2c_errorData 		CODE           	00F3	0000	9

./config.h estimated size: 74

shared
		__initialization		CODE           	000F	0000	3

shared estimated size: 3

i2c_slave.c
		_INT_I2C       		CODE           	0016	0000	67
		_main          		CODE           	0059	0000	32

i2c_slave.c estimated size: 99

./slave_i2c.h
		_I2CSlave_Read 		CODE           	00DB	0000	13
		_I2CSlave_init 		CODE           	00A7	0000	20
		_I2CSlave_Write		CODE           	0079	0000	24

./slave_i2c.h estimated size: 57

